// Jest Snapshot v1, https://goo.gl/fbAQLP

exports[`application/state/query/lastAvailabilities/operations should handle error when api call response does not contains expected schema type 1`] = `
Object {
  "call": Array [
    Object {
      "@@redux-saga/IO": true,
      "CALL": Object {
        "args": Array [],
        "context": null,
        "fn": "@@redux-saga-test-plan/json/function/findAll",
      },
    },
  ],
  "put": Array [
    Object {
      "@@redux-saga/IO": true,
      "PUT": Object {
        "action": Object {
          "error": false,
          "meta": Object {
            "isFetching": true,
          },
          "type": "query/lastAvailabilities/FETCH_PENDING",
        },
        "channel": null,
      },
    },
    Object {
      "@@redux-saga/IO": true,
      "PUT": Object {
        "action": Object {
          "error": true,
          "meta": Object {
            "isFetching": false,
          },
          "payload": Object {
            "_object": Array [
              Object {
                "availableBikeNumber": 1,
              },
            ],
            "annotate": "@@redux-saga-test-plan/json/function/<anonymous>",
            "details": Array [
              Object {
                "context": Object {
                  "key": "id",
                  "label": "id",
                },
                "message": "\\"id\\" is required",
                "path": Array [
                  0,
                  "id",
                ],
                "type": "any.required",
              },
            ],
            "isJoi": true,
            "name": "ValidationError",
          },
          "type": "query/lastAvailabilities/FETCH_FAILURE",
        },
        "channel": null,
      },
    },
  ],
}
`;
