// Jest Snapshot v1, https://goo.gl/fbAQLP

exports[`application/state/filter/ByIntervalInPeriodFilter it can return a zoom value from a ByIntervalInPeriodFilter if interval is not a string 1`] = `
"{
  \\"periodStart\\": \\"2017-09-02 13:00:30\\",
  \\"periodEnd\\": \\"2017-10-02 13:00:30\\",
  \\"interval\\" [31m[1][0m: 12345
}
[31m
[1] \\"interval\\" must be a string[0m"
`;

exports[`application/state/filter/ByIntervalInPeriodFilter it can return a zoom value from a ByIntervalInPeriodFilter if periodEnd is not a date 1`] = `
"{
  \\"periodStart\\": \\"2017-09-02 13:00:30\\",
  \\"interval\\": \\"5 min\\",
  \\"periodEnd\\" [31m[1][0m: \\"not date format\\"
}
[31m
[1] \\"periodEnd\\" must be a number of milliseconds or valid date string[0m"
`;

exports[`application/state/filter/ByIntervalInPeriodFilter it can return a zoom value from a ByIntervalInPeriodFilter if periodStart greater than periodEnd  1`] = `
"{
  \\"periodStart\\": \\"2019-09-02 13:00:30\\",
  \\"interval\\": \\"5 min\\",
  \\"periodEnd\\" [31m[1][0m: \\"2017-10-02 13:00:30\\"
}
[31m
[1] \\"periodEnd\\" must be greater than \\"Mon Sep 02 2019 13:00:30 GMT+0000 (UTC)\\"[0m"
`;

exports[`application/state/filter/ByIntervalInPeriodFilter it can return a zoom value from a ByIntervalInPeriodFilter if periodStart is not a date 1`] = `"Invalid date format"`;
